################################################################################
#                                                                              #
#      IAR Universal Linker V6.0.0.46                                          #
#                                                                              #
#           Link time     =  05/Nov/2014  00:52:59                             #
#           Target CPU    =  MSP430                                            #
#           List file     =  C:\Users\Joseph\Documents\GitHub\ECE306\Proj6\Deb #
#                            ug\List\Proj6.map                                 #
#           Output file 1 =  C:\Users\Joseph\Documents\GitHub\ECE306\Proj6\Deb #
#                            ug\Exe\Proj6.d43                                  #
#                            Format: debug                                     #
#                            UBROF version 10.0.6                              #
#                            Using library modules for C-SPY (-rt)             #
#           Command line  =  C:\Users\Joseph\Documents\GitHub\ECE306\Proj6\Deb #
#                            ug\Obj\clocks.r43                                 #
#                            C:\Users\Joseph\Documents\GitHub\ECE306\Proj6\Deb #
#                            ug\Obj\init.r43                                   #
#                            C:\Users\Joseph\Documents\GitHub\ECE306\Proj6\Deb #
#                            ug\Obj\init_adc.r43                               #
#                            C:\Users\Joseph\Documents\GitHub\ECE306\Proj6\Deb #
#                            ug\Obj\interrupt_ports.r43                        #
#                            C:\Users\Joseph\Documents\GitHub\ECE306\Proj6\Deb #
#                            ug\Obj\interrupts_adc.r43                         #
#                            C:\Users\Joseph\Documents\GitHub\ECE306\Proj6\Deb #
#                            ug\Obj\interrupts_timers.r43                      #
#                            C:\Users\Joseph\Documents\GitHub\ECE306\Proj6\LCD #
#                            .r43                                              #
#                            C:\Users\Joseph\Documents\GitHub\ECE306\Proj6\Deb #
#                            ug\Obj\LED.r43                                    #
#                            C:\Users\Joseph\Documents\GitHub\ECE306\Proj6\Deb #
#                            ug\Obj\main.r43                                   #
#                            C:\Users\Joseph\Documents\GitHub\ECE306\Proj6\Deb #
#                            ug\Obj\ports.r43                                  #
#                            C:\Users\Joseph\Documents\GitHub\ECE306\Proj6\Deb #
#                            ug\Obj\Serial.r43                                 #
#                            C:\Users\Joseph\Documents\GitHub\ECE306\Proj6\Deb #
#                            ug\Obj\swtich.r43                                 #
#                            C:\Users\Joseph\Documents\GitHub\ECE306\Proj6\Deb #
#                            ug\Obj\system.r43                                 #
#                            C:\Users\Joseph\Documents\GitHub\ECE306\Proj6\Deb #
#                            ug\Obj\timers.r43                                 #
#                            C:\Users\Joseph\Documents\GitHub\ECE306\Proj6\tim #
#                            ersB2.r43                                         #
#                            -o                                                #
#                            C:\Users\Joseph\Documents\GitHub\ECE306\Proj6\Deb #
#                            ug\Exe\Proj6.d43                                  #
#                            -l                                                #
#                            C:\Users\Joseph\Documents\GitHub\ECE306\Proj6\Deb #
#                            ug\List\Proj6.map                                 #
#                            -xesni                                            #
#                            "-IC:\Program Files (x86)\IAR Systems\Embedded Wo #
#                            rkbench 7.0\430\LIB\"                             #
#                            -f                                                #
#                            "C:\Program Files (x86)\IAR Systems\Embedded Work #
#                            bench 7.0\430\config\linker\lnk430FR5739.xcl"     #
#                            (-cmsp430 -QCODE_I=CODE_ID -QTLS16_I=TLS16_ID     #
#                            -Z(CONST)INFO=1800-18FF                           #
#                            -Z(CONST)INFOA=1880-18FF                          #
#                            -Z(CONST)INFOB=1800-187F                          #
#                            -Z(DATA)DATA16_I,DATA16_Z,DATA16_N,TLS16_I=1C00-1 #
#                            FFF                                               #
#                            -Z(DATA)CODE_I -Z(DATA)CSTACK+_STACK_SIZE#        #
#                            -Z(CONST)DATA16_P=C200-FF7F                       #
#                            -Z(DATA)DATA16_HEAP+_DATA16_HEAP_SIZE             #
#                            -Z(CONST)MPU_B1                                   #
#                            -Z(CONST)DATA16_C,DATA16_ID,TLS16_ID,DIFUNCT,CHEC #
#                            KSUM=C200-FF7F                                    #
#                            -Z(CONST)MPU_B2                                   #
#                            -Z(CODE)CSTART,ISR_CODE,CODE_ID=C200-FF7F         #
#                            -P(CODE)CODE=C200-FF7F -Z(CODE)CODE_PAD           #
#                            -Z(CONST)SIGNATURE=FF80-FF8F                      #
#                            -Z(CODE)INTVEC=FF90-FFFF                          #
#                            -Z(CODE)RESET=FFFE-FFFF) -f                       #
#                            "C:\Program Files (x86)\IAR Systems\Embedded Work #
#                            bench 7.0\430\config\linker\multiplier32_loc2.xcl #
#                            "                                                 #
#                            (-e?Mul8HwLoc2=?Mul8 -e?Mul16HwLoc2=?Mul16        #
#                            -e?Mul16to32uHwLoc2=?Mul16to32u                   #
#                            -e?Mul16to32sHwLoc2=?Mul16to32s                   #
#                            -e?Mul32Hw32Loc2=?Mul32                           #
#                            -e?Mul64Hw32Loc2=_Mul64i                          #
#                            -e?Mul32u32uto64iHw32Loc2=_Mul32u32uto64i         #
#                            -e?Mul32fHwLoc2=_Mul32f                           #
#                            -e_Mul64fHwPtrLoc2=_Mul64fPtr) -D_STACK_SIZE=A0   #
#                            -rt                                               #
#                            "C:\Program Files (x86)\IAR Systems\Embedded Work #
#                            bench 7.0\430\lib\dlib\dl430xlsfn.r43"            #
#                            -e_PrintfLarge=_Printf -e_ScanfLarge=_Scanf       #
#                            -D_DATA16_HEAP_SIZE=A0 -s __program_start         #
#                            -D_DATA20_HEAP_SIZE=50                            #
#                                                                              #
#                           Copyright (C) 1987-2014 IAR Systems AB.            #
################################################################################





                ****************************************
                *                                      *
                *           CROSS REFERENCE            *
                *                                      *
                ****************************************

       Program entry at :           C24E  Relocatable, from module : ?cstart




                ****************************************
                *                                      *
                *            RUNTIME MODEL             *
                *                                      *
                ****************************************

  __Heap_Handler             = Basic
  __SystemLibrary            = DLib
  __code_model               = large
  __core                     = 430X
  __data_model               = small
  __dlib_file_descriptor     = 0
  __dlib_full_locale_support = 0
  __double_size              = 32
  __pic                      = no
  __reg_r4                   = free
  __reg_r5                   = free
  __rt_version               = 3

                ****************************************
                *                                      *
                *    AUTOMATIC SYMBOL REDIRECTIONS     *
                *                                      *
                ****************************************

                  There are no automatic symbol redirections.

                ****************************************
                *                                      *
                *              ENTRY LIST              *
                *                                      *
                ****************************************

Module  Entry                              Address
------  -----                              -------
?FILLER_BYTES
?ABS_ENTRY_MOD
        _DATA20_HEAP_SIZE                   0050
        _DATA16_HEAP_SIZE                   00A0
        _STACK_SIZE                         00A0
clocks ( C:\Users\Joseph\Documents\GitHub\ECE306\Proj6\Debug\Obj\clocks.r43 )
        _A_CSCTL0_L                         0160
        _A_CSCTL1_L                         0162
        _A_CSCTL2_L                         0164
        _A_CSCTL3_L                         0166
        _A_WDTCTL_L                         015C
        Init_Clocks                         C90C
        ?setjmp_save_r4                     NOT NEEDED
        ?setjmp_save_r5                     NOT NEEDED
        CSCTL0                              0160
        CSCTL0_H                            0161
        CSCTL0_L                            0160
        CSCTL1                              0162
        CSCTL1_H                            0163
        CSCTL1_L                            0162
        CSCTL2                              0164
        CSCTL2_H                            0165
        CSCTL2_L                            0164
        CSCTL3                              0166
        CSCTL3_H                            0167
        CSCTL3_L                            0166
        WDTCTL                              015C
        WDTCTL_H                            015D
        WDTCTL_L                            015C
init ( C:\Users\Joseph\Documents\GitHub\ECE306\Proj6\Debug\Obj\init.r43 )
        Init_Conditions                     CA82
        ?setjmp_save_r4                     NOT NEEDED
        ?setjmp_save_r5                     NOT NEEDED
init_adc ( C:\Users\Joseph\Documents\GitHub\ECE306\Proj6\Debug\Obj\init_adc.r43 )
        _A_ADC10CTL0_L                      0700
        _A_ADC10CTL1_L                      0702
        _A_ADC10CTL2_L                      0704
        _A_ADC10MCTL0_L                     070A
        _A_ADC10IE_L                        071A
        ADC_Process                         CA2C
        init_adc                            C61E
        ?setjmp_save_r4                     NOT NEEDED
        ?setjmp_save_r5                     NOT NEEDED
        ADC10CTL0                           0700
        ADC10CTL0_H                         0701
        ADC10CTL0_L                         0700
        ADC10CTL1                           0702
        ADC10CTL1_H                         0703
        ADC10CTL1_L                         0702
        ADC10CTL2                           0704
        ADC10CTL2_H                         0705
        ADC10CTL2_L                         0704
        ADC10MCTL0                          070A
        ADC10MCTL0_H                        070B
        ADC10MCTL0_L                        070A
        ADC10IE                             071A
        ADC10IE_H                           071B
        ADC10IE_L                           071A
interrupt_ports ( C:\Users\Joseph\Documents\GitHub\ECE306\Proj6\Debug\Obj\interrupt_ports.r43 )
        _A_PBIE_L                           023A
        _A_PBIFG_L                          023C
        _A_PJOUT_L                          0322
        isDebounce                          1C0E
        bounceCount                         1C10
        switchPress                         1C12
        drive                               NOT NEEDED
        LED_White_LD                        NOT NEEDED
        LED_Black_LD                        NOT NEEDED
        LED_White_RD                        NOT NEEDED
        LED_Black_RD                        NOT NEEDED
        LED_Off_RD                          NOT NEEDED
        LED_Off_LD                          NOT NEEDED
        butt1                               NOT NEEDED
        butt2                               NOT NEEDED
        starting                            NOT NEEDED
        nib1                                NOT NEEDED
        nib2                                NOT NEEDED
        nib3                                NOT NEEDED
        nib4                                NOT NEEDED
        outP                                NOT NEEDED
        display_One                         NOT NEEDED
        switch_interrupt                    C276
        switch_interrupt::??INTVEC 64       FFD0
        ?setjmp_save_r4                     NOT NEEDED
        ?setjmp_save_r5                     NOT NEEDED
        PBIE                                023A
        PBIE_H                              023B
        PBIE_L                              023A
        PBIFG                               023C
        PBIFG_H                             023D
        PBIFG_L                             023C
        PJOUT                               0322
        PJOUT_H                             0323
        PJOUT_L                             0322
interrupts_adc ( C:\Users\Joseph\Documents\GitHub\ECE306\Proj6\Debug\Obj\interrupts_adc.r43 )
        _A_ADC10CTL0_L                      NOT NEEDED
        _A_ADC10MCTL0_L                     NOT NEEDED
        _A_ADC10MEM0_L                      0712
        _A_ADC10IV_L                        071E
        ADC_Thumb                           1C00
        ADC_RD                              1C02
        ADC_LD                              1C04
        chan                                1C06
        ADC10_ISR                           C2DC
        ADC10_ISR::??INTVEC 92              FFEC
        ?setjmp_save_r4                     NOT NEEDED
        ?setjmp_save_r5                     NOT NEEDED
        ADC10CTL0                           0700
        ADC10CTL0_H                         0701
        ADC10CTL0_L                         0700
        ADC10MCTL0                          070A
        ADC10MCTL0_H                        070B
        ADC10MCTL0_L                        070A
        ADC10MEM0                           0712
        ADC10MEM0_H                         0713
        ADC10MEM0_L                         0712
        ADC10IV                             071E
        ADC10IV_H                           071F
        ADC10IV_L                           071E
interrupts_timers ( C:\Users\Joseph\Documents\GitHub\ECE306\Proj6\Debug\Obj\interrupts_timers.r43 )
        _A_PBIE_L                           NOT NEEDED
        _A_PBIFG_L                          NOT NEEDED
        _A_PJOUT_L                          NOT NEEDED
        TA0CCR0                             0352
        lcdCount                            NOT NEEDED
        fMCount                             1C14
        timerCount                          1C16
        Timer0_A0_ISR                       C37A
        Timer0_A0_ISR::??INTVEC 90          FFEA
        ?setjmp_save_r4                     NOT NEEDED
        ?setjmp_save_r5                     NOT NEEDED
        PBIE                                023A
        PBIE_H                              023B
        PBIE_L                              023A
        PBIFG                               023C
        PBIFG_H                             023D
        PBIFG_L                             023C
        PJOUT                               0322
        PJOUT_H                             0323
        PJOUT_L                             0322
LCD ( C:\Users\Joseph\Documents\GitHub\ECE306\Proj6\LCD.r43 )
        _A_PAOUT_L                          0202
        _A_UCB0CTLW0_L                      0640
        _A_UCB0BRW_L                        0646
        _A_UCB0TXBUF_L                      064E
        _A_UCB0IFG_L                        066C
        lcd_control                         NOT NEEDED
        display_line_1                      NOT NEEDED
        display_line_2                      NOT NEEDED
        display_1                           NOT NEEDED
        display_2                           NOT NEEDED
        char_count                          1C18
        current_line                        1C38
        update_display_count                NOT NEEDED
        display_update_time                 NOT NEEDED
        Init_SPI_B0                         C8C2
        SPI_B0_write                        C9D0
        spi_rs_data                         CA72
        spi_rs_command                      CA42
        spi_chipselect_idle                 CA52
        spi_chipselect_active               CA5A
        spi_reset_idle                      CA62
        spi_reset_active                    CA6A
        Init_LCD                            C514
        lcd_clear                           CA3A
        lcd_write                           C792
        lcd_command                         NOT NEEDED
        lcd_putc                            C83E
        lcd_puts                            NOT NEEDED
        lcd_out                             C8E8
        Display_Process                     NOT NEEDED
        ?setjmp_save_r4                     NOT NEEDED
        ?setjmp_save_r5                     NOT NEEDED
        PAOUT                               0202
        PAOUT_H                             0203
        PAOUT_L                             0202
        UCB0CTLW0                           0640
        UCB0CTLW0_H                         0641
        UCB0CTLW0_L                         0640
        UCB0BRW                             0646
        UCB0BRW_H                           0647
        UCB0BRW_L                           0646
        UCB0TXBUF                           064E
        UCB0TXBUF_H                         064F
        UCB0TXBUF_L                         064E
        UCB0IFG                             066C
        UCB0IFG_H                           066D
        UCB0IFG_L                           066C
LED ( C:\Users\Joseph\Documents\GitHub\ECE306\Proj6\Debug\Obj\LED.r43 )
        _A_PBOUT_L                          0222
        _A_PJOUT_L                          NOT NEEDED
        Init_LEDs                           C86E
        ?setjmp_save_r4                     NOT NEEDED
        ?setjmp_save_r5                     NOT NEEDED
        PBOUT                               0222
        PBOUT_H                             0223
        PBOUT_L                             0222
        PJOUT                               0322
        PJOUT_H                             0323
        PJOUT_L                             0322
main ( C:\Users\Joseph\Documents\GitHub\ECE306\Proj6\Debug\Obj\main.r43 )
        _A_PJOUT_L                          NOT NEEDED
        _A_UCA1TXBUF_L                      05EE
        Time_Sequence                       1C1A
        one_time                            1C39
        five_msec_count                     1C1C
        startTimer                          1C1E
        driving                             NOT NEEDED
        reverse                             NOT NEEDED
        startHalf                           NOT NEEDED
        halfTimer                           NOT NEEDED
        L_Dir                               1C20
        R_Dir                               1C22
        test                                1C3A
        serial                              1C24
        counter                             NOT NEEDED
        display_NCSU                        1C26
        display_HW3                         1C28
        toWrite                             1C3B
        test1                               1C2A
        test2                               1C2C
        timeOut                             NOT NEEDED
        dontWrite                           NOT NEEDED
        writeNext                           1C2E
        main                                C402
        ?setjmp_save_r4                     NOT NEEDED
        ?setjmp_save_r5                     NOT NEEDED
        PJOUT                               0322
        PJOUT_H                             0323
        PJOUT_L                             0322
        UCA1TXBUF                           05EE
        UCA1TXBUF_H                         05EF
        UCA1TXBUF_L                         05EE
ports ( C:\Users\Joseph\Documents\GitHub\ECE306\Proj6\Debug\Obj\ports.r43 )
        _A_PAOUT_L                          NOT NEEDED
        _A_PADIR_L                          0204
        _A_PAREN_L                          0206
        _A_PASEL0_L                         020A
        _A_PASEL1_L                         020C
        _A_PASELC_L                         0216
        _A_PBOUT_L                          NOT NEEDED
        _A_PBDIR_L                          0224
        _A_PBREN_L                          0226
        _A_PBSELC_L                         0236
        _A_PBIES_L                          0238
        _A_PBIE_L                           NOT NEEDED
        _A_PBIFG_L                          NOT NEEDED
        _A_PJOUT_L                          NOT NEEDED
        _A_PJDIR_L                          0324
        _A_PJREN_L                          0326
        _A_PJSELC_L                         0336
        Init_Ports1                         C5A2
        Init_Ports2                         C68A
        Init_Ports3                         C744
        Init_Ports4                         C7D2
        Init_PortsJ                         C898
        Init_Ports                          C9E4
        ?setjmp_save_r4                     NOT NEEDED
        ?setjmp_save_r5                     NOT NEEDED
        PAOUT                               0202
        PAOUT_H                             0203
        PAOUT_L                             0202
        PADIR                               0204
        PADIR_H                             0205
        PADIR_L                             0204
        PAREN                               0206
        PAREN_H                             0207
        PAREN_L                             0206
        PASEL0                              020A
        PASEL0_H                            020B
        PASEL0_L                            020A
        PASEL1                              020C
        PASEL1_H                            020D
        PASEL1_L                            020C
        PASELC                              0216
        PASELC_H                            0217
        PASELC_L                            0216
        PBOUT                               0222
        PBOUT_H                             0223
        PBOUT_L                             0222
        PBDIR                               0224
        PBDIR_H                             0225
        PBDIR_L                             0224
        PBREN                               0226
        PBREN_H                             0227
        PBREN_L                             0226
        PBSELC                              0236
        PBSELC_H                            0237
        PBSELC_L                            0236
        PBIES                               0238
        PBIES_H                             0239
        PBIES_L                             0238
        PBIE                                023A
        PBIE_H                              023B
        PBIE_L                              023A
        PBIFG                               023C
        PBIFG_H                             023D
        PBIFG_L                             023C
        PJOUT                               0322
        PJOUT_H                             0323
        PJOUT_L                             0322
        PJDIR                               0324
        PJDIR_H                             0325
        PJDIR_L                             0324
        PJREN                               0326
        PJREN_H                             0327
        PJREN_L                             0326
        PJSELC                              0336
        PJSELC_H                            0337
        PJSELC_L                            0336
Serial ( C:\Users\Joseph\Documents\GitHub\ECE306\Proj6\Debug\Obj\Serial.r43 )
        _A_UCA1CTLW0_L                      05E0
        _A_UCA1BRW_L                        05E6
        _A_UCA1MCTLW_L                      05E8
        _A_UCA1RXBUF_L                      05EC
        _A_UCA1IE_L                         05FA
        UCA1IV                              05FE
        SMALL_RING_SIZE                     1C08
        LARGE_RING_SIZE                     1C0A
        BEGINNING                           NOT NEEDED
        USB_Char_Tx                         1C3C
        USB_Char_Rx                         1C44
        usb_tx_ring_wr                      1C30
        usb_tx_ring_rd                      1C32
        usb_rx_ring_wr                      1C34
        usb_rx_ring_rd                      1C36
        Init_Serial_UCA1                    C6F0
        USCI_A1_ISR                         C3C0
        USCI_A1_ISR::??INTVEC 86            FFE6
        ?setjmp_save_r4                     NOT NEEDED
        ?setjmp_save_r5                     NOT NEEDED
        UCA1CTLW0                           05E0
        UCA1CTLW0_H                         05E1
        UCA1CTLW0_L                         05E0
        UCA1BRW                             05E6
        UCA1BRW_H                           05E7
        UCA1BRW_L                           05E6
        UCA1MCTLW                           05E8
        UCA1MCTLW_H                         05E9
        UCA1MCTLW_L                         05E8
        UCA1RXBUF                           05EC
        UCA1RXBUF_H                         05ED
        UCA1RXBUF_L                         05EC
        UCA1IE                              05FA
        UCA1IE_H                            05FB
        UCA1IE_L                            05FA
swtich ( C:\Users\Joseph\Documents\GitHub\ECE306\Proj6\Debug\Obj\swtich.r43 )
        _A_PBIN_L                           0220
        _A_PBOUT_L                          NOT NEEDED
        buttOne                             NOT NEEDED
        buttTwo                             NOT NEEDED
        waitCount                           1C0C
        move                                NOT NEEDED
        changeDisplay                       NOT NEEDED
        Switches_Process                    NOT NEEDED
        ?setjmp_save_r4                     NOT NEEDED
        ?setjmp_save_r5                     NOT NEEDED
        PBIN                                0220
        PBIN_H                              0221
        PBIN_L                              0220
        PBOUT                               0222
        PBOUT_H                             0223
        PBOUT_L                             0222
system ( C:\Users\Joseph\Documents\GitHub\ECE306\Proj6\Debug\Obj\system.r43 )
        enable_interrupts                   CA86
        ?setjmp_save_r4                     NOT NEEDED
        ?setjmp_save_r5                     NOT NEEDED
timers ( C:\Users\Joseph\Documents\GitHub\ECE306\Proj6\Debug\Obj\timers.r43 )
        TA0CTL                              0340
        TA0CCTL0                            0342
        TA0CCR0                             NOT NEEDED
        TA0EX0                              0360
        Init_Timers                         CA4A
        usleep10                            C9A0
        five_msec_sleep                     CA1C
        TimerB0code                         C92E
        Init_Timer_A0                       C80C
        newFM                               C986
        ?setjmp_save_r4                     NOT NEEDED
        ?setjmp_save_r5                     NOT NEEDED
timersB2 ( C:\Users\Joseph\Documents\GitHub\ECE306\Proj6\timersB2.r43 )
        TB2CTL                              0440
        TB2CCTL0                            0442
        TB2CCR0                             0452
        TB2EX0                              0460
        sleeping                            NOT NEEDED
        sleeptime                           NOT NEEDED
        Init_Timer_B2                       C96C
        led_blink                           NOT NEEDED
        gps_resetting                       NOT NEEDED
        gps_2b_reset                        NOT NEEDED
        reset_gps_time                      NOT NEEDED
        transmit_delay                      NOT NEEDED
        transmit_time                       NOT NEEDED
        Timer2_B0_ISR                       C3F2
        Timer2_B0_ISR::??INTVEC 70          FFD6
        ?setjmp_save_r4                     NOT NEEDED
        ?setjmp_save_r5                     NOT NEEDED
?abort ( C:\Program Files (x86)\IAR Systems\Embedded Workbench 7.0\430\lib\dlib\dl430xlsfn.r43 )
        abort                               NOT NEEDED
?__dbg_break ( C:\Program Files (x86)\IAR Systems\Embedded Workbench 7.0\430\lib\dlib\dl430xlsfn.r43 )
        __DebugBreak                        CA8E
?__dwrite ( C:\Program Files (x86)\IAR Systems\Embedded Workbench 7.0\430\lib\dlib\dl430xlsfn.r43 )
        __dwrite                            NOT NEEDED
?__exit ( C:\Program Files (x86)\IAR Systems\Embedded Workbench 7.0\430\lib\dlib\dl430xlsfn.r43 )
        __exit                              C9B8
?__write ( C:\Program Files (x86)\IAR Systems\Embedded Workbench 7.0\430\lib\dlib\dl430xlsfn.r43 )
        __write                             NOT NEEDED
?_exit ( C:\Program Files (x86)\IAR Systems\Embedded Workbench 7.0\430\lib\dlib\dl430xlsfn.r43 )
        _exit                               CA8A
        __cstart_call_dtors                 NOT NEEDED
        __cstart_closeall                   NOT NEEDED
        __cstart_clearlocks                 NOT NEEDED
?cppinit ( C:\Program Files (x86)\IAR Systems\Embedded Workbench 7.0\430\lib\dlib\dl430xlsfn.r43 )
        __call_ctors                        NOT NEEDED
        __alloc_record_needed_destruction   NOT NEEDED
        __record_needed_destruction         NOT NEEDED
        __call_dtors                        NOT NEEDED
        __data16_vec_cctor                  NOT NEEDED
?cstart ( C:\Program Files (x86)\IAR Systems\Embedded Workbench 7.0\430\lib\dlib\dl430xlsfn.r43 )
        __program_start                     C24E
        ?cstart_begin                       C24E
        ?cstart_call_mpu_init               NOT NEEDED
        ?cstart_call_low_level_init         NOT NEEDED
        ?cstart_init_copy_ramfunc           NOT NEEDED
        ?cstart_init_zero                   C252
        ?cstart_init_copy                   C25E
        ?cstart_init_zero20                 NOT NEEDED
        ?cstart_init_copy20                 NOT NEEDED
        __cstart_init_tls                   NOT NEEDED
        ?cstart_call_ctors                  NOT NEEDED
        ?cstart_call_main                   C26E
        ?cstart_end                         C276
lowinit ( C:\Program Files (x86)\IAR Systems\Embedded Workbench 7.0\430\lib\dlib\dl430xlsfn.r43 )
        __low_level_init                    NOT NEEDED
?reset_vector ( C:\Program Files (x86)\IAR Systems\Embedded Workbench 7.0\430\lib\dlib\dl430xlsfn.r43 )
        ?reset_vector                       FFFE
?exit ( C:\Program Files (x86)\IAR Systems\Embedded Workbench 7.0\430\lib\dlib\dl430xlsfn.r43 )
        exit                                CA7A
?malloc ( C:\Program Files (x86)\IAR Systems\Embedded Workbench 7.0\430\lib\dlib\dl430xlsfn.r43 )
        malloc                              NOT NEEDED
?DivMod816u ( C:\Program Files (x86)\IAR Systems\Embedded Workbench 7.0\430\lib\dlib\dl430xlsfn.r43 )
        ?DivMod8u                           C950
        ?DivMod16u                          C954
?memcpy ( C:\Program Files (x86)\IAR Systems\Embedded Workbench 7.0\430\lib\dlib\dl430xlsfn.r43 )
        memcpy                              C9F8
?memmove ( C:\Program Files (x86)\IAR Systems\Embedded Workbench 7.0\430\lib\dlib\dl430xlsfn.r43 )
        memmove                             NOT NEEDED
?memzero ( C:\Program Files (x86)\IAR Systems\Embedded Workbench 7.0\430\lib\dlib\dl430xlsfn.r43 )
        __data16_memzero                    CA0A
        __data16_memcpy                     CA7E
        __data16_memmove                    NOT NEEDED
?MpuInit ( C:\Program Files (x86)\IAR Systems\Embedded Workbench 7.0\430\lib\dlib\dl430xlsfn.r43 )
        __iar_430_mpu_init                  NOT NEEDED
        ?mpu1_4k_init                       NOT NEEDED
        ?mpu1_8k_init                       NOT NEEDED
        ?mpu1_16k_init                      NOT NEEDED
        ?mpu2_init                          NOT NEEDED
?setjmp ( C:\Program Files (x86)\IAR Systems\Embedded Workbench 7.0\430\lib\dlib\dl430xlsfn.r43 )
        setjmp                              NOT NEEDED
        ?setjmp_r5                          NOT NEEDED
        ?setjmp_r4                          NOT NEEDED
        ?setjmp_end                         NOT NEEDED
?longjmp ( C:\Program Files (x86)\IAR Systems\Embedded Workbench 7.0\430\lib\dlib\dl430xlsfn.r43 )
        longjmp                             NOT NEEDED
        ?longjmp_r5                         NOT NEEDED
        ?longjmp_r4                         NOT NEEDED
        ?longjmp_end                        NOT NEEDED
?IndCallR11 ( C:\Program Files (x86)\IAR Systems\Embedded Workbench 7.0\430\lib\dlib\dl430xlsfn.r43 )
        ?IndCallR11                         NOT NEEDED
?IndCallR15 ( C:\Program Files (x86)\IAR Systems\Embedded Workbench 7.0\430\lib\dlib\dl430xlsfn.r43 )
        ?IndCallR15                         NOT NEEDED
?xcloseall ( C:\Program Files (x86)\IAR Systems\Embedded Workbench 7.0\430\lib\dlib\dl430xlsfn.r43 )
        _Close_all                          NOT NEEDED
?xgetmemchunk ( C:\Program Files (x86)\IAR Systems\Embedded Workbench 7.0\430\lib\dlib\dl430xlsfn.r43 )
        __data16_GetMemChunk                NOT NEEDED
?xxmemxfree ( C:\Program Files (x86)\IAR Systems\Embedded Workbench 7.0\430\lib\dlib\dl430xlsfn.r43 )
        __data16_free                       NOT NEEDED
?xxmemxmalloc ( C:\Program Files (x86)\IAR Systems\Embedded Workbench 7.0\430\lib\dlib\dl430xlsfn.r43 )
        __data16_Aldata                     NOT NEEDED
        __data16_malloc                     NOT NEEDED
        __data16_findmem                     LOCAL, NOT NEEDED


                ****************************************
                *                                      *
                *            MODULE SUMMARY            *
                *                                      *
                ****************************************

Module               CODE      DATA      CONST
------               ----      ----      -----
                    (Rel)  (Rel)  (Abs)  (Rel)
?DivMod816u            28
?__dbg_break            2
?__exit                24
?_exit                  4
?cstart                40
?exit                   4
?memcpy                18
?memzero               22
?reset_vector           2
LCD                   404      3      8
  + shared                            2
LED                    42
  + shared                            2
Serial                134     28     12      4
  + common             88
clocks                 34            10
init                    4
init_adc              122             6
  + shared                            4
interrupt_ports       102      6
  + shared             66             6
  + common
interrupts_adc        158      8      4      8
  + common             94
interrupts_timers      70      4
  + shared             92             2
  + common
main                  274     25      2     63
ports                 424            24
swtich                         2      2      2
system                  4
timers                158             6
timersB2               42             8
  + common             72
N/A (command line)           160
N/A (alignment)
----------          -----    ---     --     --
Total:              2 116    236     98     77
  + common             94


                ****************************************
                *                                      *
                *      SEGMENTS IN ADDRESS ORDER       *
                *                                      *
                ****************************************


SEGMENT              SPACE    START ADDRESS   END ADDRESS     SIZE  TYPE  ALIGN
=======              =====    =============   ===========     ====  ====  =====
DATA16_AN                              015C - 015D               2   rel    0
                                       0160 - 0167               8 
                                       0202 - 0207               6 
                                       020A - 020D               4 
                                       0216 - 0217               2 
                                       0220 - 0227               8 
                                       0236 - 023D               8 
                                       0322 - 0327               6 
                                       0336 - 0337               2 
                                       0340 - 0343               4 
                                       0352 - 0353               2 
                                       0360 - 0361               2 
                                       0440 - 0443               4 
                                       0452 - 0453               2 
                                       0460 - 0461               2 
                                       05E0 - 05E1               2 
                                       05E6 - 05E9               4 
                                       05EC - 05EF               4 
                                       05FA - 05FB               2 
                                       05FE - 05FF               2 
                                       0640 - 0641               2 
                                       0646 - 0647               2 
                                       064E - 064F               2 
                                       066C - 066D               2 
                                       0700 - 0705               6 
                                       070A - 070B               2 
                                       0712 - 0713               2 
                                       071A - 071B               2 
                                       071E - 071F               2 
DATA16_I                               1C00 - 1C0D               E   rel    1
DATA16_Z                               1C0E - 1C4B              3E   rel    1
CSTACK                                 1F60 - 1FFF              A0   rel    1
DATA16_C                               C200 - C23E              3F   rel    0
DATA16_ID                              C240 - C24D               E   rel    1
CSTART                                 C24E - C275              28   rel    1
ISR_CODE                               C276 - C401             18C   rel    1
<CODE> 1                               C402 - CA8F             68E   rel    1
INTVEC                                 FF90 - FFED              5E   com    1
RESET                                  FFFE - FFFF               2   rel    1

                ****************************************
                *                                      *
                *        END OF CROSS REFERENCE        *
                *                                      *
                ****************************************

 2 210 bytes of CODE  memory
   236 bytes of DATA  memory (+ 98 absolute )
    77 bytes of CONST memory

Errors: none
Warnings: none

